// Jest Snapshot v1, https://goo.gl/fbAQLP

exports[`permalink component should render permalink modal 1`] = `
<DocumentFragment>
  <button
    class="btn btn-outline-secondary oereb-client-permalink"
    title="extract.permalink.title"
    type="button"
  >
    <i
      class="bi bi-link-45deg"
    />
  </button>
</DocumentFragment>
`;

exports[`permalink component should render permalink modal 2`] = `
<DocumentFragment>
  <button
    class="btn btn-outline-secondary oereb-client-permalink"
    title="extract.permalink.title"
    type="button"
  >
    <i
      class="bi bi-link-45deg"
    />
  </button>
</DocumentFragment>
`;
