// Jest Snapshot v1, https://goo.gl/fbAQLP

exports[`documents component should render documents 1`] = `
<DocumentFragment>
  <dl
    class="oereb-client-documents mb-2"
  >
    <dt>
      extract.topic.document.legal_provisions
    </dt>
    <dd
      class="oereb-client-document ms-2"
    >
      <span>
        Baugesetz, 3891.100
      </span>
      <ul
        class="ps-2 mb-2"
      >
        <li>
          <a
            href="https://oereb-gr-preview.000.ch/api/attachments/197"
            rel="noreferrer"
            target="_blank"
          >
            https://oereb-gr-preview.000.ch/api/attachments/197
          </a>
        </li>
        <li>
          <a
            href="https://oereb-gr-preview.000.ch/api/attachments/198"
            rel="noreferrer"
            target="_blank"
          >
            https://oereb-gr-preview.000.ch/api/attachments/198
          </a>
        </li>
      </ul>
    </dd>
    <dd
      class="oereb-client-document ms-2"
    >
      <span>
        Revision Ortsplanung, 07.447
      </span>
      <ul
        class="ps-2 mb-2"
      >
        <li>
          <a
            href="https://oereb-gr-preview.000.ch/api/attachments/213"
            rel="noreferrer"
            target="_blank"
          >
            https://oereb-gr-preview.000.ch/api/attachments/213
          </a>
        </li>
        <li>
          <a
            href="https://oereb-gr-preview.000.ch/api/attachments/214"
            rel="noreferrer"
            target="_blank"
          >
            https://oereb-gr-preview.000.ch/api/attachments/214
          </a>
        </li>
      </ul>
    </dd>
    <dt>
      extract.topic.document.laws
    </dt>
    <dd
      class="oereb-client-document ms-2"
    >
      <span>
        Raumplanungsverordnung für den Kanton Graubünden (KRVO), BR 801.110
      </span>
      <ul
        class="ps-2 mb-2"
      >
        <li>
          <a
            href="https://www.gr-lex.gr.ch/frontend/versions/pdf_file_with_annex/2934?locale=de"
            rel="noreferrer"
            target="_blank"
          >
            https://www.gr-lex.gr.ch/frontend/versions/pdf_file_with_annex/2934?locale=de
          </a>
        </li>
      </ul>
    </dd>
    <dd
      class="oereb-client-document ms-2"
    >
      <span>
        Bundesgesetz über die Raumplanung (Raumplanungsgesetz, RPG) (RPG), SR 700
      </span>
      <ul
        class="ps-2 mb-2"
      >
        <li>
          <a
            href="http://www.lexfind.ch/dtah/167348/2"
            rel="noreferrer"
            target="_blank"
          >
            http://www.lexfind.ch/dtah/167348/2
          </a>
        </li>
      </ul>
    </dd>
    <dd
      class="oereb-client-document ms-2"
    >
      <span>
        Raumplanungsgesetz für den Kanton Graubünden (KRG), BR 801.100
      </span>
      <ul
        class="ps-2 mb-2"
      >
        <li>
          <a
            href="https://www.gr-lex.gr.ch/frontend/versions/pdf_file_with_annex/2936?locale=de"
            rel="noreferrer"
            target="_blank"
          >
            https://www.gr-lex.gr.ch/frontend/versions/pdf_file_with_annex/2936?locale=de
          </a>
        </li>
      </ul>
    </dd>
    <dt>
      extract.topic.document.hints
    </dt>
    <dd
      class="oereb-client-document ms-2"
    >
      <span>
        Guter Ratschlag
      </span>
      <ul
        class="ps-2 mb-2"
      >
        <li>
          <a
            href="http://example.com/goodhint1"
            rel="noreferrer"
            target="_blank"
          >
            http://example.com/goodhint1
          </a>
        </li>
        <li>
          <a
            href="http://example.com/goodhint2"
            rel="noreferrer"
            target="_blank"
          >
            http://example.com/goodhint2
          </a>
        </li>
      </ul>
    </dd>
    <dd
      class="oereb-client-document ms-2"
    >
      <span>
        Seht guter Ratschlag mit langem titel: Lorem ipsum dolor sit amet, consectetur adipiscing elit. Cras convallis venenatis posuere. Nunc sollicitudin fermentum bibendum. Nulla ut massa enim. Sed rhoncus euismod venenatis
      </span>
      <ul
        class="ps-2 mb-2"
      >
        <li>
          <a
            href="http://example.com/goodhint3"
            rel="noreferrer"
            target="_blank"
          >
            http://example.com/goodhint3
          </a>
        </li>
      </ul>
    </dd>
  </dl>
</DocumentFragment>
`;
