// Vitest Snapshot v1, https://vitest.dev/guide/snapshot.html

exports[`language component > should show selected language 1`] = `
<DocumentFragment>
  <div
    class="oereb-client-language-selector"
  >
    <button
      aria-expanded="false"
      class="btn btn-outline-secondary dropdown-toggle"
      data-bs-toggle="dropdown"
      title="menu.language.title"
      type="button"
    >
      DE
    </button>
    <ul
      class="dropdown-menu"
    >
      <li>
        <button
          class="dropdown-item"
        >
          EN
        </button>
      </li>
      <li>
        <button
          class="dropdown-item"
        >
          DE
        </button>
      </li>
    </ul>
  </div>
</DocumentFragment>
`;

exports[`language component > should update the selected language 1`] = `
<DocumentFragment>
  <div
    class="oereb-client-language-selector"
  >
    <button
      aria-expanded="false"
      class="btn btn-outline-secondary dropdown-toggle"
      data-bs-toggle="dropdown"
      title="menu.language.title"
      type="button"
    >
      EN
    </button>
    <ul
      class="dropdown-menu"
    >
      <li>
        <button
          class="dropdown-item"
        >
          EN
        </button>
      </li>
      <li>
        <button
          class="dropdown-item"
        >
          DE
        </button>
      </li>
    </ul>
  </div>
</DocumentFragment>
`;
